Microsoft Windows [Version 10.0.19042.1288]
(c) Microsoft Corporation. All rights reserved.

C:\Users\Thievekan>git
usage: git [--version] [--help] [-C <path>] [-c <name>=<value>]
           [--exec-path[=<path>]] [--html-path] [--man-path] [--info-path]
           [-p | --paginate | -P | --no-pager] [--no-replace-objects] [--bare]
           [--git-dir=<path>] [--work-tree=<path>] [--namespace=<name>]
           [--super-prefix=<path>] [--config-env=<name>=<envvar>]
           <command> [<args>]

These are common Git commands used in various situations:

start a working area (see also: git help tutorial)
   clone     Clone a repository into a new directory
   init      Create an empty Git repository or reinitialize an existing one

work on the current change (see also: git help everyday)
   add       Add file contents to the index
   mv        Move or rename a file, a directory, or a symlink
   restore   Restore working tree files
   rm        Remove files from the working tree and from the index

examine the history and state (see also: git help revisions)
   bisect    Use binary search to find the commit that introduced a bug
   diff      Show changes between commits, commit and working tree, etc
   grep      Print lines matching a pattern
   log       Show commit logs
   show      Show various types of objects
   status    Show the working tree status

grow, mark and tweak your common history
   branch    List, create, or delete branches
   commit    Record changes to the repository
   merge     Join two or more development histories together
   rebase    Reapply commits on top of another base tip
   reset     Reset current HEAD to the specified state
   switch    Switch branches
   tag       Create, list, delete or verify a tag object signed with GPG

collaborate (see also: git help workflows)
   fetch     Download objects and refs from another repository
   pull      Fetch from and integrate with another repository or a local branch
   push      Update remote refs along with associated objects

'git help -a' and 'git help -g' list available subcommands and some
concept guides. See 'git help <command>' or 'git help <concept>'
to read about a specific subcommand or concept.
See 'git help git' for an overview of the system.

C:\Users\Thievekan>git clone https://github.com/thievekan/FirstHub.git
Cloning into 'FirstHub'...
warning: You appear to have cloned an empty repository.

C:\Users\Thievekan>cd
C:\Users\Thievekan

C:\Users\Thievekan>cd..

C:\Users>cd..

C:\>cd all_particals

C:\all_particals>cd git

C:\all_particals\git>git clone https://github.com/thievekan/FirstHub.git
Cloning into 'FirstHub'...
warning: You appear to have cloned an empty repository.

C:\all_particals\git>mkdir
The syntax of the command is incorrect.

C:\all_particals\git>cd projects

C:\all_particals\git\projects>git clone https://github.com/thievekan/FirstHub.git
Cloning into 'FirstHub'...
warning: You appear to have cloned an empty repository.

C:\all_particals\git\projects>git add firsttext
fatal: not a git repository (or any of the parent directories): .git

C:\all_particals\git\projects>cd FirstHub

C:\all_particals\git\projects\FirstHub>git add firsttext
fatal: pathspec 'firsttext' did not match any files

C:\all_particals\git\projects\FirstHub>git add firsttext
fatal: pathspec 'firsttext' did not match any files

C:\all_particals\git\projects\FirstHub>ls
'ls' is not recognized as an internal or external command,
operable program or batch file.

C:\all_particals\git\projects\FirstHub>cd
C:\all_particals\git\projects\FirstHub

C:\all_particals\git\projects\FirstHub>cd..

C:\all_particals\git\projects>git init
Initialized empty Git repository in C:/all_particals/git/projects/.git/

C:\all_particals\git\projects>git add .
error: 'FirstHub/' does not have a commit checked out
fatal: adding files failed

C:\all_particals\git\projects>cd FirstHub

C:\all_particals\git\projects\FirstHub>git init
Reinitialized existing Git repository in C:/all_particals/git/projects/FirstHub/.git/

C:\all_particals\git\projects\FirstHub>git add .

C:\all_particals\git\projects\FirstHub>giit commit -m "first file"
'giit' is not recognized as an internal or external command,
operable program or batch file.

C:\all_particals\git\projects\FirstHub>git commit -m "first file"
Author identity unknown

*** Please tell me who you are.

Run

  git config --global user.email "you@example.com"
  git config --global user.name "Your Name"

to set your account's default identity.
Omit --global to set the identity only in this repository.

fatal: unable to auto-detect email address (got 'Thievekan@MatiKanini.(none)')

C:\all_particals\git\projects\FirstHub> git config --global user.email"thievekan007@gmail.com"

C:\all_particals\git\projects\FirstHub>git config --global user.name "thievekan"

C:\all_particals\git\projects\FirstHub>git commit -m "first text file"
Author identity unknown

*** Please tell me who you are.

Run

  git config --global user.email "you@example.com"
  git config --global user.name "Your Name"

to set your account's default identity.
Omit --global to set the identity only in this repository.

fatal: unable to auto-detect email address (got 'Thievekan@MatiKanini.(none)')

C:\all_particals\git\projects\FirstHub>cd
C:\all_particals\git\projects\FirstHub

C:\all_particals\git\projects\FirstHub>cd...

C:\all_particals\git\projects\FirstHub>cd..

C:\all_particals\git\projects>cd..

C:\all_particals\git>cd..

C:\all_particals>cd..

C:\>cd..

C:\> git config --global user.email"thievekan007@gmail.com"

C:\>git config --global user.name "thievekan"

C:\>git commit -m "first file"
fatal: not a git repository (or any of the parent directories): .git

C:\>cd all_particals

C:\all_particals>cd git

C:\all_particals\git>cd projects

C:\all_particals\git\projects>git commit -m "first file"
Author identity unknown

*** Please tell me who you are.

Run

  git config --global user.email "you@example.com"
  git config --global user.name "Your Name"

to set your account's default identity.
Omit --global to set the identity only in this repository.

fatal: unable to auto-detect email address (got 'Thievekan@MatiKanini.(none)')

C:\all_particals\git\projects>cd ..

C:\all_particals\git>cd..

C:\all_particals>cd...

C:\all_particals>cd..

C:\>cd nw

C:\nw>git init
Initialized empty Git repository in C:/nw/.git/

C:\nw>git add .

C:\nw>git commit -m "firstcommit"
Author identity unknown

*** Please tell me who you are.

Run

  git config --global user.email "you@example.com"
  git config --global user.name "Your Name"

to set your account's default identity.
Omit --global to set the identity only in this repository.

fatal: unable to auto-detect email address (got 'Thievekan@MatiKanini.(none)')

C:\nw> git config --global user.email "thievekan007@gmail.com"

C:\nw>git config --global user.name"thievekan"

C:\nw>git commit -m "firstcommit"
On branch master

Initial commit

nothing to commit (create/copy files and use "git add" to track)

C:\nw>git commit -m "firstcommit"
On branch master

Initial commit

Untracked files:
  (use "git add <file>..." to include in what will be committed)
        firsttext.txt

nothing added to commit but untracked files present (use "git add" to track)

C:\nw>git commit -m "firstcommit"
On branch master

Initial commit

Untracked files:
  (use "git add <file>..." to include in what will be committed)
        firsttext.txt

nothing added to commit but untracked files present (use "git add" to track)

C:\nw>git push -u origin main
error: src refspec main does not match any
error: failed to push some refs to 'origin'

C:\nw>git push -u origin master
error: src refspec master does not match any
error: failed to push some refs to 'origin'

C:\nw>git branch -M main

C:\nw>git remotte add origin https://github.com/thievekan/FirstHub.git
git: 'remotte' is not a git command. See 'git --help'.

The most similar command is
        remote

C:\nw>git remote add origin https://github.com/thievekan/FirstHub.git

C:\nw>git push -u origin main
error: src refspec main does not match any
error: failed to push some refs to 'https://github.com/thievekan/FirstHub.git'

C:\nw>git add firsttext
fatal: pathspec 'firsttext' did not match any files

C:\nw>git add firsttext.txt

C:\nw>git commit -m "firstcommit1"
[main (root-commit) 4e0ad77] firstcommit1
 1 file changed, 0 insertions(+), 0 deletions(-)
 create mode 100644 firsttext.txt

C:\nw>git branch -M main

C:\nw>git remote add origin https://github.com/thievekan/FirstHub.git
error: remote origin already exists.

C:\nw>git push -u origin main
fatal: User canceled device code authentication
Username for 'https://github.com': THIEVEKAN
Password for 'https://THIEVEKAN@github.com':
remote: Support for password authentication was removed on August 13, 2021. Please use a personal access token instead.
remote: Please see https://github.blog/2020-12-15-token-authentication-requirements-for-git-operations/ for more information.
fatal: Authentication failed for 'https://github.com/thievekan/FirstHub.git/'

C:\nw>git add firsttext
fatal: pathspec 'firsttext' did not match any files

C:\nw>git status
On branch main
nothing to commit, working tree clean

C:\nw>git add firsttext
fatal: pathspec 'firsttext' did not match any files

C:\nw>git commit -m "second commit"
On branch main
Changes not staged for commit:
  (use "git add <file>..." to update what will be committed)
  (use "git restore <file>..." to discard changes in working directory)
        modified:   firsttext.txt

no changes added to commit (use "git add" and/or "git commit -a")

C:\nw>git restore firsttext
error: pathspec 'firsttext' did not match any file(s) known to git

C:\nw>git restore firsttext.txt

C:\nw>git status
On branch main
nothing to commit, working tree clean

C:\nw>git add firsttext.txt

C:\nw>git status
On branch main
nothing to commit, working tree clean

C:\nw>git commit
On branch main
nothing to commit, working tree clean

C:\nw>git commit -m "second commit2"
On branch main
nothing to commit, working tree clean

C:\nw>git push
fatal: The current branch main has no upstream branch.
To push the current branch and set the remote as upstream, use

    git push --set-upstream origin main


C:\nw>git checkout ""
fatal: empty string is not a valid pathspec. please use . instead if you meant to match all paths

C:\nw>git checkout -b "branchone"
Switched to a new branch 'branchone'

C:\nw>git status
On branch branchone
nothing to commit, working tree clean

C:\nw>git checkout -b "main"
fatal: A branch named 'main' already exists.

C:\nw>git checkout -b main
fatal: A branch named 'main' already exists.

C:\nw>git checkout -a
error: unknown switch `a'
usage: git checkout [<options>] <branch>
   or: git checkout [<options>] [<branch>] -- <file>...

    -b <branch>           create and checkout a new branch
    -B <branch>           create/reset and checkout a branch
    -l                    create reflog for new branch
    --guess               second guess 'git checkout <no-such-branch>' (default)
    --overlay             use overlay mode (default)
    -q, --quiet           suppress progress reporting
    --recurse-submodules[=<checkout>]
                          control recursive updating of submodules
    --progress            force progress reporting
    -m, --merge           perform a 3-way merge with the new branch
    --conflict <style>    conflict style (merge or diff3)
    -d, --detach          detach HEAD at named commit
    -t, --track           set upstream info for new branch
    -f, --force           force checkout (throw away local modifications)
    --orphan <new-branch>
                          new unparented branch
    --overwrite-ignore    update ignored files (default)
    --ignore-other-worktrees
                          do not check if another worktree is holding the given ref
    -2, --ours            checkout our version for unmerged files
    -3, --theirs          checkout their version for unmerged files
    -p, --patch           select hunks interactively
    --ignore-skip-worktree-bits
                          do not limit pathspecs to sparse entries only
    --pathspec-from-file <file>
                          read pathspec from file
    --pathspec-file-nul   with --pathspec-from-file, pathspec elements are separated with NUL character


C:\nw>git branch
* branchone
  main

C:\nw>git checkout -b
error: switch `b' requires a value

C:\nw>git checkout -b main
fatal: A branch named 'main' already exists.

C:\nw>git push -u origin main
info: please complete authentication in your browser...
Enumerating objects: 3, done.
Counting objects: 100% (3/3), done.
Writing objects: 100% (3/3), 212 bytes | 8.00 KiB/s, done.
Total 3 (delta 0), reused 0 (delta 0), pack-reused 0
To https://github.com/thievekan/FirstHub.git
 * [new branch]      main -> main
Branch 'main' set up to track remote branch 'main' from 'origin'.

C:\nw>git status
On branch branchone
nothing to commit, working tree clean

C:\nw>git branch
* branchone
  main

C:\nw>bit branch main
'bit' is not recognized as an internal or external command,
operable program or batch file.

C:\nw>git branch main
fatal: A branch named 'main' already exists.

C:\nw>git checkout main
Switched to branch 'main'
Your branch is up to date with 'origin/main'.

C:\nw>git add firsttext.txt

C:\nw>git status
On branch main
Your branch is up to date with 'origin/main'.

Changes to be committed:
  (use "git restore --staged <file>..." to unstage)
        modified:   firsttext.txt


C:\nw>git restore --staged firsttext.txt

C:\nw>git status
On branch main
Your branch is up to date with 'origin/main'.

Changes not staged for commit:
  (use "git add <file>..." to update what will be committed)
  (use "git restore <file>..." to discard changes in working directory)
        modified:   firsttext.txt

no changes added to commit (use "git add" and/or "git commit -a")

C:\nw>git add firsttext.txt

C:\nw>git status
On branch main
Your branch is up to date with 'origin/main'.

Changes to be committed:
  (use "git restore --staged <file>..." to unstage)
        modified:   firsttext.txt


C:\nw>git status
On branch main
Your branch is up to date with 'origin/main'.

Changes to be committed:
  (use "git restore --staged <file>..." to unstage)
        modified:   firsttext.txt

Changes not staged for commit:
  (use "git add <file>..." to update what will be committed)
  (use "git restore <file>..." to discard changes in working directory)
        modified:   firsttext.txt


C:\nw>git commit -m "secondtrmcommit"
[main d66c11b] secondtrmcommit
 1 file changed, 440 insertions(+)

C:\nw>git status
On branch main
Your branch is ahead of 'origin/main' by 1 commit.
  (use "git push" to publish your local commits)

Changes not staged for commit:
  (use "git add <file>..." to update what will be committed)
  (use "git restore <file>..." to discard changes in working directory)
        modified:   firsttext.txt

no changes added to commit (use "git add" and/or "git commit -a")

C:\nw>git push
Enumerating objects: 5, done.
Counting objects: 100% (5/5), done.
Delta compression using up to 2 threads
Compressing objects: 100% (2/2), done.
Writing objects: 100% (3/3), 3.66 KiB | 415.00 KiB/s, done.
Total 3 (delta 0), reused 0 (delta 0), pack-reused 0
To https://github.com/thievekan/FirstHub.git
   4e0ad77..d66c11b  main -> main

C:\nw>git status
On branch main
Your branch is up to date with 'origin/main'.

Changes not staged for commit:
  (use "git add <file>..." to update what will be committed)
  (use "git restore <file>..." to discard changes in working directory)
        modified:   firsttext.txt

no changes added to commit (use "git add" and/or "git commit -a")

C:\nw>git add firsttext.txt

C:\nw>git status
On branch main
Your branch is up to date with 'origin/main'.

Changes to be committed:

# Please enter the commit message for your changes. Lines starting
# with '#' will be ignored, and an empty message aborts the commit.
#
# On branch main
# Your branch is up to date with 'origin/main'.
#
# Changes to be committed:
#       modified:   firsttext.txt
git commit -um "third commit"


















C:/nw/.git/COMMIT_EDITMSG[+] [unix] (18:06 23/11/2021)                                                        27,0-1 All
[main e337aea] git commit -um "third commit"
 1 file changed, 1 insertion(+), 1 deletion(-)

C:\nw>git status
On branch main
Your branch is ahead of 'origin/main' by 1 commit.
  (use "git push" to publish your local commits)

nothing to commit, working tree clean

C:\nw>git branch
  branchone
* main

C:\nw>git add firsttext.txt

C:\nw>git status
On branch main
Your branch is ahead of 'origin/main' by 1 commit.
  (use "git push" to publish your local commits)

nothing to commit, working tree clean

C:\nw>git commit -m "hthird"
On branch main
Your branch is ahead of 'origin/main' by 1 commit.
  (use "git push" to publish your local commits)

nothing to commit, working tree clean

C:\nw>git status
On branch main
Your branch is ahead of 'origin/main' by 1 commit.
  (use "git push" to publish your local commits)

nothing to commit, working tree clean

C:\nw>git push
Enumerating objects: 5, done.
Counting objects: 100% (5/5), done.
Delta compression using up to 2 threads
Compressing objects: 100% (2/2), done.
Writing objects: 100% (3/3), 279 bytes | 34.00 KiB/s, done.
Total 3 (delta 1), reused 0 (delta 0), pack-reused 0
remote: Resolving deltas: 100% (1/1), completed with 1 local object.
To https://github.com/thievekan/FirstHub.git
   d66c11b..e337aea  main -> main

C:\nw>git status
On branch main
Your branch is up to date with 'origin/main'.

nothing to commit, working tree clean

C:\nw>git status
On branch main
Your branch is up to date with 'origin/main'.

nothing to commit, working tree clean

C:\nw>git add firsttext.txt

C:\nw>git status
On branch main
Your branch is up to date with 'origin/main'.

nothing to commit, working tree clean

C:\nw>git pull
remote: Enumerating objects: 5, done.
remote: Counting objects: 100% (5/5), done.
remote: Compressing objects: 100% (2/2), done.
remote: Total 3 (delta 1), reused 0 (delta 0), pack-reused 0
Unpacking objects: 100% (3/3), 709 bytes | 2.00 KiB/s, done.
From https://github.com/thievekan/FirstHub
   e337aea..7822b45  main       -> origin/main
Updating e337aea..7822b45
Fast-forward
 firsttext.txt | 2 +-
 1 file changed, 1 insertion(+), 1 deletion(-)

C:\nw>git add firsttext.txt

C:\nw>git status
On branch main
Your branch is up to date with 'origin/main'.

Changes to be committed:
  (use "git restore --staged <file>..." to unstage)
        modified:   firsttext.txt


C:\nw>git push
To https://github.com/thievekan/FirstHub.git
 ! [rejected]        main -> main (fetch first)
error: failed to push some refs to 'https://github.com/thievekan/FirstHub.git'
hint: Updates were rejected because the remote contains work that you do
hint: not have locally. This is usually caused by another repository pushing
hint: to the same ref. You may want to first integrate the remote changes
hint: (e.g., 'git pull ...') before pushing again.
hint: See the 'Note about fast-forwards' in 'git push --help' for details.

C:\nw>git status
On branch main
Your branch is up to date with 'origin/main'.

Changes to be committed:
  (use "git restore --staged <file>..." to unstage)
        modified:   firsttext.txt


C:\nw>git commit -m "fourtcommit"
[main b887f7f] fourtcommit
 1 file changed, 1 insertion(+)

C:\nw>git status
On branch main
Your branch is ahead of 'origin/main' by 1 commit.
  (use "git push" to publish your local commits)

nothing to commit, working tree clean

C:\nw>git push
To https://github.com/thievekan/FirstHub.git
 ! [rejected]        main -> main (fetch first)
error: failed to push some refs to 'https://github.com/thievekan/FirstHub.git'
hint: Updates were rejected because the remote contains work that you do
hint: not have locally. This is usually caused by another repository pushing
hint: to the same ref. You may want to first integrate the remote changes
hint: (e.g., 'git pull ...') before pushing again.
hint: See the 'Note about fast-forwards' in 'git push --help' for details.

C:\nw>git push --help

C:\nw>git pull
remote: Enumerating objects: 5, done.
remote: Counting objects: 100% (5/5), done.
remote: Compressing objects: 100% (2/2), done.
remote: Total 3 (delta 1), reused 0 (delta 0), pack-reused 0
Unpacking objects: 100% (3/3), 684 bytes | 1024 bytes/s, done.
From https://github.com/thievekan/FirstHub
   7822b45..d131824  main       -> origin/main
Auto-merging firsttext.txt
CONFLICT (content): Merge conflict in firsttext.txt
Automatic merge failed; fix conflicts and then commit the result.

C:\nw>git status
On branch main
Your branch and 'origin/main' have diverged,
and have 1 and 1 different commits each, respectively.
  (use "git pull" to merge the remote branch into yours)

You have unmerged paths.
  (fix conflicts and run "git commit")
  (use "git merge --abort" to abort the merge)

Unmerged paths:
  (use "git add <file>..." to mark resolution)
        both modified:   firsttext.txt

no changes added to commit (use "git add" and/or "git commit -a")

C:\nw>git pull
error: Pulling is not possible because you have unmerged files.
hint: Fix them up in the work tree, and then use 'git add/rm <file>'
hint: as appropriate to mark resolution and make a commit.
fatal: Exiting because of an unresolved conflict.

C:\nw>git add/rm firsttext.txt
git: 'add/rm' is not a git command. See 'git --help'.

C:\nw>git rm firsttext.txt
rm 'firsttext.txt'

C:\nw>git status
On branch main
Your branch and 'origin/main' have diverged,
and have 1 and 1 different commits each, respectively.
  (use "git pull" to merge the remote branch into yours)

All conflicts fixed but you are still merging.
  (use "git commit" to conclude merge)

Changes to be committed:
        deleted:    firsttext.txt


C:\nw>git pull
error: You have not concluded your merge (MERGE_HEAD exists).
hint: Please, commit your changes before merging.
fatal: Exiting because of unfinished merge.

C:\nw>git commit -m "after  conflict"
[main 663c207] after  conflict

C:\nw>git status
On branch main
Your branch is ahead of 'origin/main' by 2 commits.
  (use "git push" to publish your local commits)

nothing to commit, working tree clean

C:\nw>git push
Enumerating objects: 9, done.
Counting objects: 100% (9/9), done.
Delta compression using up to 2 threads
Compressing objects: 100% (3/3), done.
Writing objects: 100% (5/5), 485 bytes | 69.00 KiB/s, done.
Total 5 (delta 1), reused 0 (delta 0), pack-reused 0
remote: Resolving deltas: 100% (1/1), completed with 1 local object.
To https://github.com/thievekan/FirstHub.git
   d131824..663c207  main -> main

C:\nw>git status
On branch main
Your branch is up to date with 'origin/main'.

nothing to commit, working tree clean

<<<<<<< HEAD
C:\nw>onettttwothree
=======
C:\nw>git commit -um "after delete"
fatal: Invalid untracked files mode 'm'

C:\nw>git commit -u -m "after delete"
On branch main
Your branch is up to date with 'origin/main'.

Untracked files:
  (use "git add <file>..." to include in what will be committed)
        secondtxt.txt

nothing added to commit but untracked files present (use "git add" to track)

C:\nw>git add "secondtxt.txt"

C:\nw>git status
On branch main
Your branch is up to date with 'origin/main'.

Changes to be committed:
  (use "git restore --staged <file>..." to unstage)
        new file:   secondtxt.txt


C:\nw>git commit -m "after delete1"
[main 3607633] after delete1
 1 file changed, 781 insertions(+)
 create mode 100644 secondtxt.txt

C:\nw>git status
On branch main
Your branch is ahead of 'origin/main' by 1 commit.
  (use "git push" to publish your local commits)

nothing to commit, working tree clean

C:\nw>git pull
Already up to date.

C:\nw>git push
Enumerating objects: 4, done.
Counting objects: 100% (4/4), done.
Delta compression using up to 2 threads
Compressing objects: 100% (2/2), done.
Writing objects: 100% (3/3), 4.95 KiB | 202.00 KiB/s, done.
Total 3 (delta 0), reused 0 (delta 0), pack-reused 0
To https://github.com/thievekan/FirstHub.git
   663c207..3607633  main -> main

C:\nw>
>>>>>>> 87dc135ec576cf76e76000d5c598aa55e21a86ab
